// Jest Snapshot v1, https://goo.gl/fbAQLP

exports[`IndexPage renders correctly 1`] = `
<DocumentFragment>
  .emotion-3 {
  box-sizing: border-box;
  margin: 0;
  min-width: 0;
  background-color: rebeccapurple;
  margin-bottom: 16px;
}

.emotion-2 {
  box-sizing: border-box;
  margin: 0;
  min-width: 0;
  margin: auto;
  max-width: 960px;
  padding-left: 16px;
  padding-right: 16px;
  padding-top: 32px;
  padding-bottom: 32px;
}

.emotion-1 {
  box-sizing: border-box;
  margin: 0;
  min-width: 0;
  font-size: 24px;
  font-family: inherit;
  font-weight: 700;
  line-height: 1.25;
  margin: auto;
}

.emotion-0 {
  color: #fff;
  -webkit-text-decoration: none;
  text-decoration: none;
}

<div
    class="emotion-3"
  >
    <div
      class="emotion-2"
    >
      <h1
        class="emotion-1"
      >
        <a
          class="emotion-0"
          href="/"
        >
          Gatsby Basic TypeScript Starter
        </a>
      </h1>
    </div>
  </div>
  .emotion-0 {
  box-sizing: border-box;
  margin: 0;
  min-width: 0;
  max-width: 960px;
  padding-top: 0;
  padding-left: 4px;
  padding-right: 4px;
  padding-bottom: 8px;
  margin: auto;
}

<div
    class="emotion-0"
  >
    <main>
      SEO Mock
      <h1>
        Hi people
      </h1>
      <p>
        Welcome to your new Gatsby site.
      </p>
      <p>
        Now go build something great.
      </p>
    </main>
    <footer>
      Â© 2019, Built with 
      <a
        href="https://www.gatsbyjs.org"
      >
        Gatsby
      </a>
    </footer>
  </div>
</DocumentFragment>
`;
